// Jest Snapshot v1, https://goo.gl/fbAQLP

exports[`Calculator component renders correctly into DOM 1`] = `
<div
  className="calc-container"
>
  <div
    className="calc-result"
  >
    0
  </div>
  <div
    className="buttons-container"
  >
    <div
      className="button"
    >
      <button
        className="btn-1"
        onClick={[Function]}
        type="button"
      >
        AC
      </button>
      <button
        className="btn-2"
        onClick={[Function]}
        type="button"
      >
        +/-
      </button>
      <button
        className="btn-3"
        onClick={[Function]}
        type="button"
      >
        %
      </button>
      <button
        className="btn-4"
        onClick={[Function]}
        type="button"
      >
        รท
      </button>
    </div>
    <div
      className="button"
    >
      <button
        className="btn-5"
        onClick={[Function]}
        type="button"
      >
        7
      </button>
      <button
        className="btn-6"
        onClick={[Function]}
        type="button"
      >
        8
      </button>
      <button
        className="btn-7"
        onClick={[Function]}
        type="button"
      >
        9
      </button>
      <button
        className="btn-8"
        onClick={[Function]}
        type="button"
      >
        x
      </button>
    </div>
    <div
      className="button"
    >
      <button
        className="btn-9"
        onClick={[Function]}
        type="button"
      >
        4
      </button>
      <button
        className="btn-10"
        onClick={[Function]}
        type="button"
      >
        5
      </button>
      <button
        className="btn-11"
        onClick={[Function]}
        type="button"
      >
        6
      </button>
      <button
        className="btn-12"
        onClick={[Function]}
        type="button"
      >
        -
      </button>
    </div>
    <div
      className="button"
    >
      <button
        className="btn-13"
        onClick={[Function]}
        type="button"
      >
        1
      </button>
      <button
        className="btn-14"
        onClick={[Function]}
        type="button"
      >
        2
      </button>
      <button
        className="btn-15"
        onClick={[Function]}
        type="button"
      >
        3
      </button>
      <button
        className="btn-16"
        onClick={[Function]}
        type="button"
      >
        +
      </button>
    </div>
    <div
      className="button"
    >
      <button
        className="btn-17"
        onClick={[Function]}
        type="button"
      >
        0
      </button>
      <button
        className="btn-18"
        onClick={[Function]}
        type="button"
      >
        .
      </button>
      <button
        className="btn-19"
        onClick={[Function]}
        type="button"
      >
        =
      </button>
    </div>
  </div>
</div>
`;
